exports[`Sensors should render 1`] = `
ShallowWrapper {
  "complexSelector": ComplexSelector {
    "buildPredicate": [Function],
    "childrenOfNode": [Function],
    "findWhereUnwrapped": [Function],
  },
  "length": 1,
  "node": <styled.div>
    <Sensor
        sensor={
            Object {
                "id": 1,
              }
        } />
    <Sensor
        sensor={
            Object {
                "id": 2,
              }
        } />
</styled.div>,
  "nodes": Array [
    <styled.div>
      <Sensor
            sensor={
                  Object {
                        "id": 1,
                      }
            } />
      <Sensor
            sensor={
                  Object {
                        "id": 2,
                      }
            } />
</styled.div>,
  ],
  "options": Object {},
  "renderer": ReactShallowRenderer {
    "_instance": ShallowComponentWrapper {
      "_calledComponentWillUnmount": false,
      "_compositeType": 2,
      "_context": Object {},
      "_currentElement": <Sensors
        sensors={
                Array [
                        Object {
                          "id": 1,
                        },
                        Object {
                          "id": 2,
                        },
                      ]
        } />,
      "_debugID": 1,
      "_hostContainerInfo": null,
      "_hostParent": null,
      "_instance": StatelessComponent {
        "_reactInternalInstance": [Circular],
        "context": Object {},
        "props": Object {
          "sensors": Array [
            Object {
              "id": 1,
            },
            Object {
              "id": 2,
            },
          ],
        },
        "refs": Object {},
        "state": null,
        "updater": Object {
          "enqueueCallback": [Function],
          "enqueueCallbackInternal": [Function],
          "enqueueElementInternal": [Function],
          "enqueueForceUpdate": [Function],
          "enqueueReplaceState": [Function],
          "enqueueSetState": [Function],
          "isMounted": [Function],
          "validateCallback": [Function],
        },
      },
      "_mountOrder": 1,
      "_pendingCallbacks": null,
      "_pendingElement": null,
      "_pendingForceUpdate": false,
      "_pendingReplaceState": false,
      "_pendingStateQueue": null,
      "_renderedComponent": NoopInternalComponent {
        "_currentElement": <styled.div>
          <Sensor
                    sensor={
                              Object {
                                        "id": 1,
                                      }
                    } />
          <Sensor
                    sensor={
                              Object {
                                        "id": 2,
                                      }
                    } />
</styled.div>,
        "_debugID": 2,
        "_renderedOutput": <styled.div>
          <Sensor
                    sensor={
                              Object {
                                        "id": 1,
                                      }
                    } />
          <Sensor
                    sensor={
                              Object {
                                        "id": 2,
                                      }
                    } />
</styled.div>,
      },
      "_renderedNodeType": 1,
      "_rootNodeID": 0,
      "_topLevelWrapper": null,
      "_updateBatchNumber": null,
      "_warnedAboutRefsInRender": false,
    },
    "getRenderOutput": [Function],
    "render": [Function],
  },
  "root": [Circular],
  "unrendered": <Sensors
    sensors={
        Array [
            Object {
              "id": 1,
            },
            Object {
              "id": 2,
            },
          ]
    } />,
}
`;
